../Core/Src/main.c:83:6:HAL_TIM_PWM_PulseFinishedCallback	16	static
../Core/Src/main.c:88:6:Blink	1248	static
../Core/Src/main.c:137:6:solidColor	1248	static
../Core/Src/main.c:183:5:main	8	static
../Core/Src/main.c:234:6:SystemClock_Config	88	static
../Core/Src/main.c:281:13:MX_TIM2_Init	64	static
../Core/Src/main.c:340:13:MX_USART3_UART_Init	8	static
../Core/Src/main.c:373:13:MX_USB_OTG_FS_PCD_Init	8	static
../Core/Src/main.c:406:13:MX_DMA_Init	16	static
../Core/Src/main.c:424:13:MX_GPIO_Init	56	static
../Core/Src/main.c:478:6:Error_Handler	4	static,ignoring_inline_asm
