../Core/Inc/ringled.h:32:6:HAL_TIM_PWM_PulseFinishedCallback	16	static
../Core/Inc/ringled.h:38:6:HAL_GPIO_EXTI_Callback	16	static
../Core/Inc/ringled.h:51:6:blink_or_not	1248	static
../Core/Src/main.c:74:5:main	24	static
../Core/Src/main.c:123:6:SystemClock_Config	88	static
../Core/Src/main.c:170:13:MX_TIM2_Init	64	static
../Core/Src/main.c:229:13:MX_TIM9_Init	24	static
../Core/Src/main.c:267:13:MX_USART3_UART_Init	8	static
../Core/Src/main.c:300:13:MX_USB_OTG_FS_PCD_Init	8	static
../Core/Src/main.c:333:13:MX_DMA_Init	16	static
../Core/Src/main.c:351:13:MX_GPIO_Init	56	static
../Core/Src/main.c:409:6:Error_Handler	4	static,ignoring_inline_asm
